---
source: crates/wit-compiler/src/queries/lowering.rs
info:
  src: "interface i {\n            /// A very important record.\n            record foo {\n                /// The first field.\n                first: string,\n                /// The second field.\n                second: u32,\n                /// The third field.\n                third: list<bool>,\n             }\n        }"
  ast: "(source_file (top_level_item (interface_item name: (identifier) items: (interface_items (typedef_item (record_item attributes: (attribute (doc_comment (docs))) name: (identifier) fields: (record_field attributes: (attribute (doc_comment (docs))) name: (identifier) ty: (ty (builtins))) fields: (record_field attributes: (attribute (doc_comment (docs))) name: (identifier) ty: (ty (builtins))) fields: (record_field attributes: (attribute (doc_comment (docs))) name: (identifier) ty: (ty (list (ty (builtins)))))))))))"
---
Package {
    docs: None,
    id: None,
    worlds: {},
    interfaces: {
        InterfaceIndex {
            file: FilePath(
                Id {
                    value: 1,
                },
            ),
            index: RawIndex(
                1,
            ),
        }: Interface {
            name: Ident(
                Id {
                    value: 1,
                },
            ),
            docs: None,
            items: [
                Type(
                    Record(
                        Record {
                            name: Ident(
                                Id {
                                    value: 5,
                                },
                            ),
                            index: RecordIndex {
                                file: FilePath(
                                    Id {
                                        value: 1,
                                    },
                                ),
                                index: RawIndex(
                                    1,
                                ),
                            },
                            docs: Some(
                                A very important record.,
                            ),
                            fields: [
                                RecordField {
                                    name: Ident(
                                        Id {
                                            value: 2,
                                        },
                                    ),
                                    docs: Some(
                                        The first field.,
                                    ),
                                    ty: Builtin(
                                        String,
                                    ),
                                },
                                RecordField {
                                    name: Ident(
                                        Id {
                                            value: 3,
                                        },
                                    ),
                                    docs: Some(
                                        The second field.,
                                    ),
                                    ty: Builtin(
                                        U32,
                                    ),
                                },
                                RecordField {
                                    name: Ident(
                                        Id {
                                            value: 4,
                                        },
                                    ),
                                    docs: Some(
                                        The third field.,
                                    ),
                                    ty: List(
                                        Builtin(
                                            Boolean,
                                        ),
                                    ),
                                },
                            ],
                        },
                    ),
                ),
            ],
        },
    },
}
