---
source: crates/wit-compiler/src/queries/lowering.rs
info:
  src: "interface i { type x = result<_>; }"
  ast: "(source_file (top_level_item (interface_item name: (identifier) items: (interface_items (typedef_item (type_item name: (identifier) ty: (ty (result))))))))"
---
Package {
    docs: None,
    id: None,
    worlds: {},
    interfaces: {
        InterfaceIndex {
            file: FilePath(
                Id {
                    value: 1,
                },
            ),
            index: RawIndex(
                1,
            ),
        }: Interface {
            name: Ident(
                Id {
                    value: 1,
                },
            ),
            docs: None,
            items: [
                Type(
                    TypeAlias(
                        TypeAlias {
                            name: Ident(
                                Id {
                                    value: 2,
                                },
                            ),
                            index: TypeAliasIndex {
                                file: FilePath(
                                    Id {
                                        value: 1,
                                    },
                                ),
                                index: RawIndex(
                                    1,
                                ),
                            },
                            docs: None,
                            ty: Result {
                                ok: None,
                                err: None,
                            },
                        },
                    ),
                ),
            ],
        },
    },
}
