---
source: crates/wit-compiler/src/queries/lowering.rs
info:
  src: "interface i { record empty {} }"
  ast: "(source_file (top_level_item (interface_item name: (identifier) items: (interface_items (typedef_item (record_item name: (identifier)))))))"
---
Package {
    decl: None,
    worlds: {},
    interfaces: {
        InterfaceIndex(0): Interface {
            name: i,
            docs: None,
            items: [
                Record(
                    Record {
                        name: empty,
                        index: RecordIndex(0),
                        docs: None,
                        fields: [],
                    },
                ),
            ],
        },
    },
}
