---
source: crates/wit-compiler/src/queries/lowering.rs
info:
  src: ""
  ast: (source_file)
---
Package {
    decl: None,
    worlds: {},
    interfaces: {},
}
