---
source: crates/wit-compiler/src/queries/lowering.rs
expression: got
---
Package {
    decl: None,
    worlds: [],
    interfaces: [
        Interface {
            name: empty,
            docs: None,
            items: [],
        },
    ],
}
